Configuration on demand is an incubating feature.
> Task :app:preBuild UP-TO-DATE
> Task :app:preDebugBuild UP-TO-DATE
> Task :app:mergeDebugNativeDebugMetadata NO-SOURCE
> Task :app:dataBindingMergeDependencyArtifactsDebug UP-TO-DATE
> Task :app:generateDebugResValues UP-TO-DATE
> Task :app:generateDebugResources
> Task :app:packageDebugResources
> Task :app:javaPreCompileDebug UP-TO-DATE
> Task :app:checkDebugAarMetadata UP-TO-DATE
> Task :app:mapDebugSourceSetPaths
> Task :app:parseDebugLocalResources
> Task :app:createDebugCompatibleScreenManifests UP-TO-DATE
> Task :app:extractDeepLinksDebug UP-TO-DATE
> Task :app:processDebugMainManifest FROM-CACHE
> Task :app:processDebugManifest FROM-CACHE
> Task :app:processDebugManifestForPackage FROM-CACHE
> Task :app:mergeDebugShaders UP-TO-DATE
> Task :app:compileDebugShaders NO-SOURCE
> Task :app:generateDebugAssets UP-TO-DATE
> Task :app:mergeDebugAssets UP-TO-DATE
> Task :app:compressDebugAssets UP-TO-DATE
> Task :app:l8DexDesugarLibDebug UP-TO-DATE
> Task :app:desugarDebugFileDependencies UP-TO-DATE
> Task :app:checkDebugDuplicateClasses UP-TO-DATE
> Task :app:mergeExtDexDebug UP-TO-DATE
> Task :app:mergeLibDexDebug UP-TO-DATE
> Task :app:mergeDebugJniLibFolders UP-TO-DATE
> Task :app:mergeDebugNativeLibs NO-SOURCE
> Task :app:stripDebugDebugSymbols NO-SOURCE
> Task :app:validateSigningDebug UP-TO-DATE
> Task :app:writeDebugAppMetadata UP-TO-DATE
> Task :app:writeDebugSigningConfigVersions UP-TO-DATE
> Task :app:mergeDebugResources
> Task :app:dataBindingGenBaseClassesDebug
> Task :app:processDebugResources

> Task :app:compileDebugJavaWithJavac
.\gradlew.bat : C:\Users\User\WorkStation\Android_Household_Account_Book\app\sr
c\main\java\com\moneylog\data\db\AppDatabase.java:28: warning: Schema export di
rectory was not provided to the annotation processor so Room cannot export the 
schema. You can either provide `room.schemaLocation` annotation processor argum
ent by applying the Room Gradle plugin (id 'androidx.room') OR set exportSchema
 to false.
위치 줄:1 문자:1
+ .\gradlew.bat assembleDebug 2>&1 | Out-File "build_output.txt" -Encod ...
+ ~~~~~~~~~~~~~~~~~~~~~~~~~~~~~~~~
    + CategoryInfo          : NotSpecified: (C:\Users\User\W...chema to false. 
   :String) [], RemoteException
    + FullyQualifiedErrorId : NativeCommandError
 
public abstract class AppDatabase extends RoomDatabase {
                ^
Note: C:\Users\User\WorkStation\Android_Household_Account_Book\app\src\main\jav
a\com\moneylog\ui\fragment\PinLockFragment.java uses or overrides a deprecated 
API.
Note: Recompile with -Xlint:deprecation for details.
1 warning

> Task :app:hiltAggregateDepsDebug UP-TO-DATE
> Task :app:hiltJavaCompileDebug
> Task :app:processDebugJavaRes UP-TO-DATE
> Task :app:mergeDebugJavaResource UP-TO-DATE
> Task :app:transformDebugClassesWithAsm
> Task :app:dexBuilderDebug
> Task :app:mergeDebugGlobalSynthetics UP-TO-DATE
> Task :app:mergeProjectDexDebug
> Task :app:packageDebug
> Task :app:createDebugApkListingFileRedirect
> Task :app:assembleDebug
[Incubating] Problems report is available at: file:///C:/Users/User/WorkStation/Android_Household_Account_Book/build/reports/problems/problems-report.html

BUILD SUCCESSFUL in 1m 15s
39 actionable tasks: 14 executed, 3 from cache, 22 up-to-date
